
> ai@0.0.0 build
> vite build

[36mvite v8.0.12 [32mbuilding client environment for production...[36m[39m
[2K
transforming...Γ£ô 16 modules transformed.
node.exe : [31mΓ£ù[39m Build failed in 920ms
At C:\Program Files\nodejs\npm.ps1:29 char:3
+   & $NODE_EXE $NPM_CLI_JS $args
+   ~~~~~~~~~~~~~~~~~~~~~~~~~~~~~
    + CategoryInfo          : NotSpecified: ([31mΓ£ù[39m Build failed in 920ms:String) [], RemoteException
    + FullyQualifiedErrorId : NativeCommandError
 
[31merror during build:
[31mBuild failed with 1 error:

[31m[PARSE_ERROR] Error:[0m Identifier `debtsData` has already been declared
     [38;5;246mΓò¡[0m[38;5;246mΓöÇ[0m[38;5;246m[[0m src/App.jsx:108:18 [38;5;246m][0m
     [38;5;246mΓöé[0m
 [38;5;246m108 Γöé[0m [38;5;249m [0m[38;5;249m [0m[38;5;249m [0m[38;5;249m [0m[38;5;249m [0m[38;5;249m [0
m[38;5;249m [0m[38;5;249m [0m[38;5;249m [0m[38;5;249mc[0m[38;5;249mo[0m[38;5;249mn[0m[38;5;249ms[0m[38;5
;249mt[0m[38;5;249m [0m[38;5;249m{[0m[38;5;249m [0m[38;5;249md[0m[38;5;249ma[0m[38;5;249mt[0m[38;5;249ma
[0m[38;5;249m:[0m[38;5;249m [0mdebtsData[38;5;249m [0m[38;5;249m}[0m[38;5;249m [0m[38;5;249m=[0m[38;5;249m
 [0m[38;5;249ma[0m[38;5;249mw[0m[38;5;249ma[0m[38;5;249mi[0m[38;5;249mt[0m[38;5;249m [0m[38;5;249ms[0m[
38;5;249mu[0m[38;5;249mp[0m[38;5;249ma[0m[38;5;249mb[0m[38;5;249ma[0m[38;5;249ms[0m[38;5;249me[0m[38;5;24
9m.[0m[38;5;249mf[0m[38;5;249mr[0m[38;5;249mo[0m[38;5;249mm[0m[38;5;249m([0m[38;5;249m"[0m[38;5;249md[0m
[38;5;249me[0m[38;5;249mb[0m[38;5;249mt[0m[38;5;249ms[0m[38;5;249m"[0m[38;5;249m)[0m[38;5;249m.[0m[38;5;
249ms[0m[38;5;249me[0m[38;5;249ml[0m[38;5;249me[0m[38;5;249mc[0m[38;5;249mt[0m[38;5;249m([0m[38;5;249m"[
0m[38;5;249m*[0m[38;5;249m"[0m[38;5;249m)[0m[38;5;249m.[0m[38;5;249me[0m[38;5;249mq[0m[38;5;249m([0m[38;
5;249m"[0m[38;5;249mu[0m[38;5;249ms[0m[38;5;249me[0m[38;5;249mr[0m[38;5;249m_[0m[38;5;249mi[0m[38;5;249md
[0m[38;5;249m"[0m[38;5;249m,[0m[38;5;249m [0m[38;5;249mu[0m[38;5;249ms[0m[38;5;249me[0m[38;5;249mr[0m[3
8;5;249mI[0m[38;5;249md[0m[38;5;249m)[0m[38;5;249m.[0m[38;5;249mo[0m[38;5;249mr[0m[38;5;249md[0m[38;5;249
me[0m[38;5;249mr[0m[38;5;249m([0m[38;5;249m"[0m[38;5;249mu[0m[38;5;249mp[0m[38;5;249md[0m[38;5;249ma[0m
[38;5;249mt[0m[38;5;249me[0m[38;5;249md[0m[38;5;249m_[0m[38;5;249ma[0m[38;5;249mt[0m[38;5;249m"[0m[38;5;2
49m,[0m[38;5;249m [0m[38;5;249m{[0m[38;5;249m [0m[38;5;249ma[0m[38;5;249ms[0m[38;5;249mc[0m[38;5;249me[0
m[38;5;249mn[0m[38;5;249md[0m[38;5;249mi[0m[38;5;249mn[0m[38;5;249mg[0m[38;5;249m:[0m[38;5;249m [0m[38;5
;249mf[0m[38;5;249ma[0m[38;5;249ml[0m[38;5;249ms[0m[38;5;249me[0m[38;5;249m [0m[38;5;249m}[0m[38;5;249m)
[0m[38;5;249m;[0m
 [38;5;240m    Γöé[0m                        ΓöÇΓöÇΓöÇΓöÇΓö¼ΓöÇΓöÇΓöÇΓöÇ  
 [38;5;240m    Γöé[0m                            Γò░ΓöÇΓöÇΓöÇΓöÇΓöÇΓöÇ `debtsData` has already been declared here
 [38;5;240m    Γöé[0m 
 [38;5;246m110 Γöé[0m [38;5;249m [0m[38;5;249m [0m[38;5;249m [0m[38;5;249m [0m[38;5;249m [0m[38;5;249m [0
m[38;5;249m [0m[38;5;249m [0m[38;5;249m [0m[38;5;249mc[0m[38;5;249mo[0m[38;5;249mn[0m[38;5;249ms[0m[38;5
;249mt[0m[38;5;249m [0m[38;5;249m{[0m[38;5;249m [0m[38;5;249md[0m[38;5;249ma[0m[38;5;249mt[0m[38;5;249ma
[0m[38;5;249m:[0m[38;5;249m [0mdebtsData[38;5;249m [0m[38;5;249m}[0m[38;5;249m [0m[38;5;249m=[0m[38;5;249m
 [0m[38;5;249ma[0m[38;5;249mw[0m[38;5;249ma[0m[38;5;249mi[0m[38;5;249mt[0m[38;5;249m [0m[38;5;249ms[0m[
38;5;249mu[0m[38;5;249mp[0m[38;5;249ma[0m[38;5;249mb[0m[38;5;249ma[0m[38;5;249ms[0m[38;5;249me[0m[38;5;24
9m.[0m[38;5;249mf[0m[38;5;249mr[0m[38;5;249mo[0m[38;5;249mm[0m[38;5;249m([0m[38;5;249m"[0m[38;5;249md[0m
[38;5;249me[0m[38;5;249mb[0m[38;5;249mt[0m[38;5;249ms[0m[38;5;249m"[0m[38;5;249m)[0m[38;5;249m.[0m[38;5;
249ms[0m[38;5;249me[0m[38;5;249ml[0m[38;5;249me[0m[38;5;249mc[0m[38;5;249mt[0m[38;5;249m([0m[38;5;249m"[
0m[38;5;249m*[0m[38;5;249m"[0m[38;5;249m)[0m[38;5;249m.[0m[38;5;249me[0m[38;5;249mq[0m[38;5;249m([0m[38;
5;249m"[0m[38;5;249mu[0m[38;5;249ms[0m[38;5;249me[0m[38;5;249mr[0m[38;5;249m_[0m[38;5;249mi[0m[38;5;249md
[0m[38;5;249m"[0m[38;5;249m,[0m[38;5;249m [0m[38;5;249mu[0m[38;5;249ms[0m[38;5;249me[0m[38;5;249mr[0m[3
8;5;249mI[0m[38;5;249md[0m[38;5;249m)[0m[38;5;249m.[0m[38;5;249mo[0m[38;5;249mr[0m[38;5;249md[0m[38;5;249
me[0m[38;5;249mr[0m[38;5;249m([0m[38;5;249m"[0m[38;5;249mu[0m[38;5;249mp[0m[38;5;249md[0m[38;5;249ma[0m
[38;5;249mt[0m[38;5;249me[0m[38;5;249md[0m[38;5;249m_[0m[38;5;249ma[0m[38;5;249mt[0m[38;5;249m"[0m[38;5;2
49m,[0m[38;5;249m [0m[38;5;249m{[0m[38;5;249m [0m[38;5;249ma[0m[38;5;249ms[0m[38;5;249mc[0m[38;5;249me[0
m[38;5;249mn[0m[38;5;249md[0m[38;5;249mi[0m[38;5;249mn[0m[38;5;249mg[0m[38;5;249m:[0m[38;5;249m [0m[38;5
;249mf[0m[38;5;249ma[0m[38;5;249ml[0m[38;5;249ms[0m[38;5;249me[0m[38;5;249m [0m[38;5;249m}[0m[38;5;249m)
[0m[38;5;249m;[0m
 [38;5;240m    Γöé[0m                        ΓöÇΓöÇΓöÇΓöÇΓö¼ΓöÇΓöÇΓöÇΓöÇ  
 [38;5;240m    Γöé[0m                            Γò░ΓöÇΓöÇΓöÇΓöÇΓöÇΓöÇ It can not be redeclared here
[38;5;246mΓöÇΓöÇΓöÇΓöÇΓöÇΓò»[0m
[31m
    at aggregateBindingErrorsIntoJsError (file:///C:/AI/frontend/node_modules/rolldown/dist/shared/error-BrnLyQ-g.mjs:4
8:18)
    at unwrapBindingResult (file:///C:/AI/frontend/node_modules/rolldown/dist/shared/error-BrnLyQ-g.mjs:18:128)
    at #build (file:///C:/AI/frontend/node_modules/rolldown/dist/shared/rolldown-build-D_ShytiL.mjs:3257:34)
    at async buildEnvironment (file:///C:/AI/frontend/node_modules/vite/dist/node/chunks/node.js:33052:64)
    at async Object.build (file:///C:/AI/frontend/node_modules/vite/dist/node/chunks/node.js:33474:19)
    at async Object.buildApp (file:///C:/AI/frontend/node_modules/vite/dist/node/chunks/node.js:33471:153)
    at async CAC.<anonymous> (file:///C:/AI/frontend/node_modules/vite/dist/node/cli.js:778:3) {
  errors: [Getter/Setter]
}[39m
